/Users/nirvegh/Library/Python/3.9/lib/python/site-packages/urllib3/__init__.py:35: NotOpenSSLWarning: urllib3 v2 only supports OpenSSL 1.1.1+, currently the 'ssl' module is compiled with 'LibreSSL 2.8.3'. See: https://github.com/urllib3/urllib3/issues/3020
  warnings.warn(
[22] no geocode result for '? 121, דימונה'
[23] no geocode result for '? 121א, דימונה'
[24] no geocode result for '? 121ב, דימונה'
[25] no geocode result for '? 121ג, דימונה'
[26] no geocode result for '? 122ב, דימונה'
[27] no geocode result for '? 123, דימונה'
[28] no geocode result for '? 123א, דימונה'
[29] no geocode result for '? 123ב, דימונה'
[30] no geocode result for '? 124, דימונה'
[31] no geocode result for '? 124א, דימונה'
[32] no geocode result for '? 124ב, דימונה'
[33] no geocode result for '? 124ג, דימונה'
[34] no geocode result for '? 125, דימונה'
[35] no geocode result for '? 125א, דימונה'
[36] no geocode result for '? 125ג, דימונה'
[37] no geocode result for '? 258, דימונה'
[38] no geocode result for '? 261, דימונה'
[39] no geocode result for '? 262, דימונה'
[40] no geocode result for '? 265, דימונה'
...processed 50 rows (exact=11 street=20 none=19)
...processed 100 rows (exact=31 street=50 none=19)
...processed 150 rows (exact=55 street=76 none=19)
...processed 200 rows (exact=62 street=119 none=19)
...processed 250 rows (exact=78 street=153 none=19)
...processed 300 rows (exact=84 street=197 none=19)
...processed 350 rows (exact=102 street=229 none=19)
...processed 400 rows (exact=114 street=267 none=19)
...processed 450 rows (exact=119 street=312 none=19)
...processed 500 rows (exact=131 street=350 none=19)
...processed 550 rows (exact=179 street=352 none=19)
[587] no geocode result for '?, דימונה'
[588] no geocode result for '? 1, דימונה'
[589] no geocode result for '? 2, דימונה'
[590] no geocode result for '? 3, דימונה'
[591] no geocode result for '? 4, דימונה'
[592] no geocode result for '? 5, דימונה'
[593] no geocode result for '? 6, דימונה'
[594] no geocode result for '? 7, דימונה'
[595] no geocode result for '? 8, דימונה'
[596] no geocode result for '? 9, דימונה'
[597] no geocode result for '? 11, דימונה'
[598] no geocode result for '? 12, דימונה'
[599] no geocode result for '? 14, דימונה'
[600] no geocode result for '? 15, דימונה'
...processed 600 rows (exact=212 street=355 none=33)
[601] no geocode result for '? 16, דימונה'
[602] no geocode result for '? 17, דימונה'
[603] no geocode result for '? 18, דימונה'
[604] no geocode result for '? 20, דימונה'
[605] no geocode result for '? 22, דימונה'
[606] no geocode result for '? 24, דימונה'
[607] no geocode result for '? 26, דימונה'
[608] no geocode result for '? 28, דימונה'
[609] no geocode result for '? 30, דימונה'
[610] no geocode result for '? 32, דימונה'
[611] no geocode result for '? 34, דימונה'
[612] no geocode result for '? 75, דימונה'
...processed 650 rows (exact=221 street=384 none=45)
...processed 700 rows (exact=248 street=407 none=45)
[701] no geocode result for '? 1086א, דימונה'
[702] no geocode result for '? 1086ב, דימונה'
[703] no geocode result for '? 1086ג, דימונה'
[704] no geocode result for '? 1086ד, דימונה'
[705] no geocode result for '? 1086ה, דימונה'
[706] no geocode result for '? 1086ו, דימונה'
[707] no geocode result for '? 1086ח, דימונה'
[708] no geocode result for '? 1086ט, דימונה'
[709] no geocode result for '? 1087א, דימונה'
[710] no geocode result for '? 1087ב, דימונה'
[711] no geocode result for '? 1087ג, דימונה'
[712] no geocode result for '? 1088ב, דימונה'
[713] no geocode result for '? 1088ג, דימונה'
[714] no geocode result for '? 1088ד, דימונה'
[715] no geocode result for '? 1089, דימונה'
[716] no geocode result for '? 1089א, דימונה'
[717] no geocode result for '? 1089ב, דימונה'
[718] no geocode result for '? 1089ד, דימונה'
[719] no geocode result for '? 1089ה, דימונה'
[720] no geocode result for '? 1090, דימונה'
[721] no geocode result for '? 1090א, דימונה'
[722] no geocode result for '? 1090ב, דימונה'
[723] no geocode result for '? 1090ג, דימונה'
[724] no geocode result for '? 1090ד, דימונה'
[725] no geocode result for '? 1090ה, דימונה'
[726] no geocode result for '? 1090ו, דימונה'
[727] no geocode result for '? 1090ז, דימונה'
[728] no geocode result for '? 1090ח, דימונה'
[729] no geocode result for '? 1090ט, דימונה'
[730] no geocode result for '? 1091, דימונה'
[731] no geocode result for '? 1091א, דימונה'
[732] no geocode result for '? 1091ב, דימונה'
[733] no geocode result for '? 1091ד, דימונה'
[734] no geocode result for '? 1092, דימונה'
[735] no geocode result for '? 1092ד, דימונה'
[736] no geocode result for '? 1092ה, דימונה'
[737] no geocode result for '? 1093, דימונה'
[738] no geocode result for '? 1093א, דימונה'
[739] no geocode result for '? 1093ב, דימונה'
[740] no geocode result for '? 1093ג, דימונה'
[741] no geocode result for '? 1093ד, דימונה'
[742] no geocode result for '? 1093ה, דימונה'
[743] no geocode result for '? 1094, דימונה'
[744] no geocode result for '? 1094א, דימונה'
[745] no geocode result for '? 1094ב, דימונה'
[746] no geocode result for '? 1094ג, דימונה'
[747] no geocode result for '? 1094ד, דימונה'
[748] no geocode result for '? 1094ה, דימונה'
[749] no geocode result for '? 1094ו, דימונה'
[750] no geocode result for '? 1094ט, דימונה'
...processed 750 rows (exact=248 street=407 none=95)
[751] no geocode result for '? 1094י, דימונה'
[752] no geocode result for '? 1095א, דימונה'
[753] no geocode result for '? 1095ב, דימונה'
[754] no geocode result for '? 1095ג, דימונה'
[755] no geocode result for '? 1095ד, דימונה'
[756] no geocode result for '? 1095ה, דימונה'
[757] no geocode result for '? 1096, דימונה'
[758] no geocode result for '? 1096א, דימונה'
[759] no geocode result for '? 1096ג, דימונה'
[760] no geocode result for '? 1096ד, דימונה'
[761] no geocode result for '? 1097, דימונה'
[762] no geocode result for '? 1097א, דימונה'
[763] no geocode result for '? 1097ב, דימונה'
[764] no geocode result for '? 1097ג, דימונה'
[765] no geocode result for '? 1097ד, דימונה'
[766] no geocode result for '? 1098, דימונה'
[767] no geocode result for '? 1098א, דימונה'
[768] no geocode result for '? 1098ב, דימונה'
[769] no geocode result for '? 1098ג, דימונה'
[770] no geocode result for '? 1098ד, דימונה'
[771] no geocode result for '? 1098ה, דימונה'
[772] no geocode result for '? 1098ו, דימונה'
[773] no geocode result for '? 1098ז, דימונה'
[774] no geocode result for '? 1098ח, דימונה'
[775] no geocode result for '? 1098ט, דימונה'
[776] no geocode result for '? 1099א, דימונה'
[777] no geocode result for '? 1099ב, דימונה'
[778] no geocode result for '? 1099ה, דימונה'
[779] no geocode result for '? 1100, דימונה'
[780] no geocode result for '? 1100ב, דימונה'
[781] no geocode result for '? 1100ג, דימונה'
[782] no geocode result for '? 1101, דימונה'
[783] no geocode result for '? 1101א, דימונה'
[784] no geocode result for '? 1101ד, דימונה'
...processed 800 rows (exact=264 street=407 none=129)
...processed 850 rows (exact=286 street=435 none=129)
...processed 900 rows (exact=305 street=466 none=129)
[937] no geocode result for '? 55, דימונה'
[938] no geocode result for '? 55ב, דימונה'
[939] no geocode result for '? 56ג, דימונה'
[940] no geocode result for '? 57, דימונה'
[941] no geocode result for '? 57א, דימונה'
[942] no geocode result for '? 57ב, דימונה'
[943] no geocode result for '? 57ג, דימונה'
[944] no geocode result for '? 57ד, דימונה'
[945] no geocode result for '? 58, דימונה'
[946] no geocode result for '? 58א, דימונה'
[947] no geocode result for '? 58ב, דימונה'
[948] no geocode result for '? 58ג, דימונה'
[949] no geocode result for '? 59א, דימונה'
[950] no geocode result for '? 59ב, דימונה'
...processed 950 rows (exact=308 street=499 none=143)
[951] no geocode result for '? 59ג, דימונה'
  request error for 'השיטה 46, דימונה' (attempt 1/3): HTTPSConnectionPool(host='es.govmap.gov.il', port=443): Read timed out. (read timeout=15)
[979] no geocode result for '?, דימונה'
[980] no geocode result for '? 23, דימונה'
[981] no geocode result for '? 23א, דימונה'
[982] no geocode result for '? 24, דימונה'
[983] no geocode result for '? 24א, דימונה'
[984] no geocode result for '? 29, דימונה'
[985] no geocode result for '? 29א, דימונה'
[986] no geocode result for '? 29ב, דימונה'
[987] no geocode result for '? 82א, דימונה'
[988] no geocode result for '? 82ב, דימונה'
[989] no geocode result for '? 82ג, דימונה'
[990] no geocode result for '? 83א, דימונה'
[991] no geocode result for '? 83ג, דימונה'
[992] no geocode result for '? 84א, דימונה'
[993] no geocode result for '? 84ג, דימונה'
...processed 1000 rows (exact=327 street=514 none=159)
...processed 1050 rows (exact=361 street=530 none=159)
...processed 1100 rows (exact=385 street=556 none=159)
...processed 1150 rows (exact=402 street=589 none=159)
...processed 1200 rows (exact=404 street=637 none=159)
...processed 1250 rows (exact=419 street=672 none=159)
  request error for 'העצמאות 1012, דימונה' (attempt 1/3): HTTPSConnectionPool(host='es.govmap.gov.il', port=443): Max retries exceeded with url: /TldSearch/api/DetailsByQuery?query=%D7%94%D7%A2%D7%A6%D7%9E%D7%90%D7%95%D7%AA+1012%2C+%D7%93%D7%99%D7%9E%D7%95%D7%A0%D7%94&lyrs=276267023&gid=govmap (Caused by NameResolutionError("HTTPSConnection(host='es.govmap.gov.il', port=443): Failed to resolve 'es.govmap.gov.il' ([Errno 8] nodename nor servname provided, or not known)"))
...processed 1300 rows (exact=420 street=721 none=159)
...processed 1350 rows (exact=455 street=736 none=159)
...processed 1400 rows (exact=485 street=756 none=159)
...processed 1450 rows (exact=503 street=788 none=159)
...processed 1500 rows (exact=503 street=838 none=159)
...processed 1550 rows (exact=538 street=853 none=159)
...processed 1600 rows (exact=573 street=868 none=159)
...processed 1650 rows (exact=598 street=893 none=159)
...processed 1700 rows (exact=633 street=908 none=159)
...processed 1750 rows (exact=633 street=958 none=159)
...processed 1800 rows (exact=673 street=968 none=159)
...processed 1850 rows (exact=723 street=968 none=159)
[1893] no geocode result for '?, דימונה'
[1894] no geocode result for '? 1, דימונה'
[1895] no geocode result for '? 2, דימונה'
[1896] no geocode result for '? 3, דימונה'
[1897] no geocode result for '? 4, דימונה'
[1898] no geocode result for '? 5, דימונה'
[1899] no geocode result for '? 6, דימונה'
[1900] no geocode result for '? 7, דימונה'
...processed 1900 rows (exact=761 street=972 none=167)
[1901] no geocode result for '? 8, דימונה'
[1902] no geocode result for '? 9, דימונה'
[1903] no geocode result for '? 10, דימונה'
[1904] no geocode result for '? 11, דימונה'
[1905] no geocode result for '? 12, דימונה'
[1906] no geocode result for '? 13, דימונה'
[1907] no geocode result for '? 15, דימונה'
[1908] no geocode result for '? 16, דימונה'
[1909] no geocode result for '? 146, דימונה'
[1910] no geocode result for '? 147, דימונה'
[1944] no geocode result for '?, דימונה'
[1945] no geocode result for '? 251, דימונה'
[1946] no geocode result for '? 253, דימונה'
[1947] no geocode result for '? 254, דימונה'
...processed 1950 rows (exact=766 street=1003 none=181)
[1972] no geocode result for '?, דימונה'
[1973] no geocode result for '? 2, דימונה'
[1974] no geocode result for '? 3, דימונה'
[1975] no geocode result for '? 4, דימונה'
[1976] no geocode result for '? 5, דימונה'
[1977] no geocode result for '? 6, דימונה'
[1978] no geocode result for '? 7, דימונה'
[1979] no geocode result for '? 8, דימונה'
[1980] no geocode result for '? 9, דימונה'
[1981] no geocode result for '? 10, דימונה'
[1982] no geocode result for '? 11, דימונה'
[1983] no geocode result for '? 13, דימונה'
[1984] no geocode result for '? 14, דימונה'
[1985] no geocode result for '? 125, דימונה'
[1996] no geocode result for 'נתיב הצפורים, דימונה'
[1997] no geocode result for 'נתיב הצפורים 131, דימונה'
[1998] no geocode result for 'נתיב הצפורים 132, דימונה'
[1999] no geocode result for 'נתיב הצפורים 133, דימונה'
...processed 2000 rows (exact=783 street=1018 none=199)
...processed 2050 rows (exact=808 street=1043 none=199)
...processed 2100 rows (exact=808 street=1093 none=199)
...processed 2150 rows (exact=808 street=1143 none=199)
...processed 2200 rows (exact=816 street=1185 none=199)
[2213] no geocode result for '?, דימונה'
[2214] no geocode result for '? 1, דימונה'
[2215] no geocode result for '? 2, דימונה'
[2216] no geocode result for '? 4, דימונה'
[2217] no geocode result for '? 6, דימונה'
[2218] no geocode result for '? 10, דימונה'
[2219] no geocode result for '? 12, דימונה'
[2220] no geocode result for '? 28, דימונה'
[2221] no geocode result for '? 32, דימונה'
[2222] no geocode result for '? 34, דימונה'
...processed 2250 rows (exact=833 street=1208 none=209)
[2288] no geocode result for '? 1, דימונה'
[2289] no geocode result for '? 3, דימונה'
[2290] no geocode result for '? 5, דימונה'
[2291] no geocode result for '? 7, דימונה'
  request error for 'מבצע ברוש 3, דימונה' (attempt 1/3): HTTPSConnectionPool(host='es.govmap.gov.il', port=443): Max retries exceeded with url: /TldSearch/api/DetailsByQuery?query=%D7%9E%D7%91%D7%A6%D7%A2+%D7%91%D7%A8%D7%95%D7%A9+3%2C+%D7%93%D7%99%D7%9E%D7%95%D7%A0%D7%94&lyrs=276267023&gid=govmap (Caused by NameResolutionError("HTTPSConnection(host='es.govmap.gov.il', port=443): Failed to resolve 'es.govmap.gov.il' ([Errno 8] nodename nor servname provided, or not known)"))
...processed 2300 rows (exact=851 street=1236 none=213)
...processed 2350 rows (exact=854 street=1283 none=213)
[2397] no geocode result for 'רחבת יונתן 1, דימונה'
[2398] no geocode result for 'רחבת יונתן 2, דימונה'
[2399] no geocode result for 'רחבת יונתן 3, דימונה'
[2400] no geocode result for 'רחבת יונתן 5, דימונה'
...processed 2400 rows (exact=860 street=1323 none=217)
[2401] no geocode result for 'רחבת יונתן 6, דימונה'
[2402] no geocode result for 'רחבת יונתן 8, דימונה'
[2403] no geocode result for 'רחבת יונתן 9, דימונה'
[2404] no geocode result for 'רחבת יונתן 10, דימונה'
[2405] no geocode result for 'רחבת יונתן 11, דימונה'
[2406] no geocode result for 'רחבת יונתן 12, דימונה'
[2407] no geocode result for 'רחבת יונתן 13, דימונה'
[2408] no geocode result for 'רחבת יונתן 14, דימונה'
...processed 2450 rows (exact=866 street=1359 none=225)
[2495] no geocode result for 'שד הנשיא 1א, דימונה'
[2496] no geocode result for 'שד הנשיא 1ב, דימונה'
[2497] no geocode result for 'שד הנשיא 2, דימונה'
[2498] no geocode result for 'שד הנשיא 2א, דימונה'
[2499] no geocode result for 'שד הנשיא 2ב, דימונה'
[2500] no geocode result for 'שד הנשיא 3, דימונה'
...processed 2500 rows (exact=866 street=1403 none=231)
[2501] no geocode result for 'שד הנשיא 3א, דימונה'
[2502] no geocode result for 'שד הנשיא 3ב, דימונה'
[2503] no geocode result for 'שד הנשיא 4, דימונה'
[2504] no geocode result for 'שד הנשיא 4א, דימונה'
[2505] no geocode result for 'שד הנשיא 4ב, דימונה'
[2506] no geocode result for 'שד הנשיא 5, דימונה'
[2507] no geocode result for 'שד הנשיא 5א, דימונה'
[2508] no geocode result for 'שד הנשיא 5ב, דימונה'
[2509] no geocode result for 'שד הנשיא 6, דימונה'
[2510] no geocode result for 'שד הנשיא 6ב, דימונה'
[2511] no geocode result for 'שד הנשיא 7, דימונה'
[2512] no geocode result for 'שד הנשיא 9, דימונה'
[2513] no geocode result for 'שד הנשיא 10, דימונה'
[2514] no geocode result for 'שד הנשיא 11, דימונה'
[2515] no geocode result for 'שד הנשיא 12, דימונה'
[2516] no geocode result for 'שד הנשיא 14, דימונה'
[2517] no geocode result for 'שד הנשיא 16, דימונה'
[2518] no geocode result for 'שד הנשיא 18, דימונה'
[2519] no geocode result for 'שד הנשיא 19, דימונה'
[2520] no geocode result for 'שד הנשיא 19ב, דימונה'
[2521] no geocode result for 'שד הנשיא 20א, דימונה'
[2522] no geocode result for 'שד הנשיא 20ב, דימונה'
[2523] no geocode result for 'שד הנשיא 21, דימונה'
[2524] no geocode result for 'שד הנשיא 22, דימונה'
[2525] no geocode result for 'שד הנשיא 23, דימונה'
[2526] no geocode result for 'שד הנשיא 24, דימונה'
[2527] no geocode result for 'שד הנשיא 25, דימונה'
[2528] no geocode result for 'שד הנשיא 26, דימונה'
[2529] no geocode result for 'שד הנשיא 27, דימונה'
[2530] no geocode result for 'שד הנשיא 28, דימונה'
[2531] no geocode result for 'שד הנשיא 29, דימונה'
[2532] no geocode result for 'שד הנשיא 30, דימונה'
[2533] no geocode result for 'שד הנשיא 31, דימונה'
[2534] no geocode result for 'שד הנשיא 34, דימונה'
[2535] no geocode result for 'שד הנשיא 36, דימונה'
[2536] no geocode result for 'שד הנשיא 37, דימונה'
[2537] no geocode result for 'שד הנשיא 38, דימונה'
[2538] no geocode result for 'שד הנשיא 40, דימונה'
[2539] no geocode result for 'שד הנשיא 41, דימונה'
[2540] no geocode result for 'שד הנשיא 41א, דימונה'
[2541] no geocode result for 'שד הנשיא 41ב, דימונה'
[2542] no geocode result for 'שד הנשיא 42, דימונה'
[2543] no geocode result for 'שד הנשיא 43, דימונה'
[2544] no geocode result for 'שד הנשיא 43א, דימונה'
[2545] no geocode result for 'שד הנשיא 44, דימונה'
[2546] no geocode result for 'שד הנשיא 44ב, דימונה'
[2547] no geocode result for 'שד הנשיא 44ג, דימונה'
[2548] no geocode result for 'שד הנשיא 44ד, דימונה'
[2549] no geocode result for 'שד הנשיא 44ה, דימונה'
[2550] no geocode result for 'שד הנשיא 45, דימונה'
...processed 2550 rows (exact=866 street=1403 none=281)
[2551] no geocode result for 'שד הנשיא 46, דימונה'
[2552] no geocode result for 'שד הנשיא 47, דימונה'
[2553] no geocode result for 'שד הנשיא 48, דימונה'
[2554] no geocode result for 'שד הנשיא 49, דימונה'
[2555] no geocode result for 'שד הנשיא 49א, דימונה'
[2556] no geocode result for 'שד הנשיא 49ב, דימונה'
[2557] no geocode result for 'שד הנשיא 50, דימונה'
[2558] no geocode result for 'שד הנשיא 50ב, דימונה'
[2559] no geocode result for 'שד הנשיא 51, דימונה'
[2560] no geocode result for 'שד הנשיא 51א, דימונה'
[2561] no geocode result for 'שד הנשיא 51ב, דימונה'
[2562] no geocode result for 'שד הנשיא 52א, דימונה'
[2563] no geocode result for 'שד הנשיא 53א, דימונה'
[2564] no geocode result for 'שד הנשיא 54, דימונה'
[2565] no geocode result for 'שד הנשיא 54א, דימונה'
[2566] no geocode result for 'שד הנשיא 54ב, דימונה'
[2567] no geocode result for 'שד הנשיא 54ג, דימונה'
[2568] no geocode result for 'שד הנשיא 55, דימונה'
[2569] no geocode result for 'שד הנשיא 55א, דימונה'
[2570] no geocode result for 'שד הנשיא 55ב, דימונה'
[2571] no geocode result for 'שד הנשיא 56, דימונה'
[2572] no geocode result for 'שד הנשיא 56א, דימונה'
[2573] no geocode result for 'שד הנשיא 56ב, דימונה'
[2574] no geocode result for 'שד הנשיא 56ג, דימונה'
[2575] no geocode result for 'שד הנשיא 57, דימונה'
[2576] no geocode result for 'שד הנשיא 57א, דימונה'
[2577] no geocode result for 'שד הנשיא 57ב, דימונה'
[2578] no geocode result for 'שד הנשיא 57ג, דימונה'
[2579] no geocode result for 'שד הנשיא 57ד, דימונה'
[2580] no geocode result for 'שד הנשיא 58, דימונה'
[2581] no geocode result for 'שד הנשיא 58א, דימונה'
[2582] no geocode result for 'שד הנשיא 58ב, דימונה'
[2583] no geocode result for 'שד הנשיא 58ג, דימונה'
[2584] no geocode result for 'שד הנשיא 59, דימונה'
[2585] no geocode result for 'שד הנשיא 59א, דימונה'
[2586] no geocode result for 'שד הנשיא 60, דימונה'
[2587] no geocode result for 'שד הנשיא 61, דימונה'
[2588] no geocode result for 'שד הנשיא 65, דימונה'
[2589] no geocode result for 'שד הנשיא 67, דימונה'
[2590] no geocode result for 'שד הנשיא 69, דימונה'
[2591] no geocode result for 'שד הנשיא 73, דימונה'
[2592] no geocode result for 'שד הנשיא 75, דימונה'
[2593] no geocode result for 'שד הנשיא 77, דימונה'
[2594] no geocode result for 'שד הנשיא 79, דימונה'
[2595] no geocode result for 'שד הנשיא 81, דימונה'
[2596] no geocode result for 'שד הנשיא 83, דימונה'
[2597] no geocode result for 'שד הנשיא 87, דימונה'
[2598] no geocode result for 'שד הנשיא 89, דימונה'
[2599] no geocode result for 'שד הנשיא 185, דימונה'
[2600] no geocode result for 'שד הנשיא 186, דימונה'
...processed 2600 rows (exact=866 street=1403 none=331)
[2601] no geocode result for 'שד הנשיא 187, דימונה'
[2602] no geocode result for 'שד הנשיא 188, דימונה'
[2603] no geocode result for 'שד הנשיא 189, דימונה'
[2604] no geocode result for 'שד הנשיא 190, דימונה'
[2605] no geocode result for 'שד הנשיא 191, דימונה'
[2606] no geocode result for 'שד הנשיא 192, דימונה'
[2607] no geocode result for 'שד הנשיא 194, דימונה'
[2608] no geocode result for 'שד הנשיא 195, דימונה'
[2609] no geocode result for 'שד הנשיא 196, דימונה'
[2610] no geocode result for 'שד הנשיא 198, דימונה'
[2611] no geocode result for 'שד הנשיא 199, דימונה'
[2612] no geocode result for 'שד הנשיא 263, דימונה'
[2613] no geocode result for 'שד הנשיא 263ב, דימונה'
[2614] no geocode result for 'שד הנשיא 263ג, דימונה'
[2615] no geocode result for 'שד הנשיא 263ד, דימונה'
[2616] no geocode result for 'שד הנשיא 263ה, דימונה'
[2617] no geocode result for 'שד הנשיא 264, דימונה'
[2618] no geocode result for 'שד הנשיא 264א, דימונה'
[2619] no geocode result for 'שד הנשיא 264ב, דימונה'
[2620] no geocode result for 'שד הנשיא 264ג, דימונה'
[2626] no geocode result for '?, דימונה'
[2627] no geocode result for '? 5, דימונה'
[2628] no geocode result for '? 7, דימונה'
[2629] no geocode result for '? 8, דימונה'
[2630] no geocode result for '? 10, דימונה'
[2631] no geocode result for '? 12, דימונה'
[2632] no geocode result for '? 14, דימונה'
[2633] no geocode result for '? 16, דימונה'
[2634] no geocode result for '? 18, דימונה'
[2635] no geocode result for '? 22, דימונה'
...processed 2650 rows (exact=885 street=1404 none=361)
...processed 2700 rows (exact=934 street=1405 none=361)
...processed 2750 rows (exact=974 street=1415 none=361)
...processed 2800 rows (exact=983 street=1456 none=361)
...processed 2850 rows (exact=1033 street=1456 none=361)
[2875] no geocode result for '?, דימונה'
[2876] no geocode result for '? 1, דימונה'
[2877] no geocode result for '? 2, דימונה'
[2878] no geocode result for '? 3, דימונה'
[2879] no geocode result for '? 5, דימונה'
[2880] no geocode result for '? 8, דימונה'
[2881] no geocode result for '? 9, דימונה'
[2882] no geocode result for '? 10, דימונה'
[2883] no geocode result for '? 11, דימונה'
[2884] no geocode result for '? 12, דימונה'
[2885] no geocode result for '? 16, דימונה'
[2886] no geocode result for '? 21, דימונה'
[2887] no geocode result for '? 22, דימונה'
[2888] no geocode result for '? 23, דימונה'
[2889] no geocode result for '? 25, דימונה'
[2890] no geocode result for '? 26, דימונה'
[2891] no geocode result for '? 27, דימונה'
[2892] no geocode result for '? 28, דימונה'
[2893] no geocode result for '? 29, דימונה'
[2894] no geocode result for '? 33, דימונה'
...processed 2900 rows (exact=1052 street=1467 none=381)
[2920] no geocode result for '? 2, דימונה'
[2921] no geocode result for '? 3, דימונה'
[2922] no geocode result for '? 4, דימונה'
[2923] no geocode result for '? 7, דימונה'
[2924] no geocode result for '? 8, דימונה'
[2925] no geocode result for '? 9, דימונה'
[2926] no geocode result for '? 10, דימונה'
[2927] no geocode result for '? 11, דימונה'
[2928] no geocode result for '? 12, דימונה'
[2929] no geocode result for '? 13, דימונה'
[2930] no geocode result for '? 14, דימונה'
[2931] no geocode result for '? 15, דימונה'
[2932] no geocode result for '? 17, דימונה'
[2933] no geocode result for '?, דימונה'
[2934] no geocode result for '? 1, דימונה'
[2935] no geocode result for '? 2, דימונה'
[2936] no geocode result for '? 4, דימונה'
[2937] no geocode result for '? 6, דימונה'
[2938] no geocode result for '? 7, דימונה'
[2939] no geocode result for '? 9, דימונה'
[2940] no geocode result for '? 11, דימונה'
[2941] no geocode result for '? 12, דימונה'
[2942] no geocode result for '? 13, דימונה'
[2943] no geocode result for '? 14, דימונה'
[2944] no geocode result for '? 15, דימונה'
[2945] no geocode result for '? 16, דימונה'
[2946] no geocode result for '? 17, דימונה'
[2947] no geocode result for '? 18, דימונה'
[2948] no geocode result for '? 19, דימונה'
[2949] no geocode result for '? 20, דימונה'
[2950] no geocode result for '? 21, דימונה'
...processed 2950 rows (exact=1054 street=1484 none=412)
[2951] no geocode result for '? 22, דימונה'
[2952] no geocode result for '? 25, דימונה'
[2953] no geocode result for '? 27, דימונה'
[2954] no geocode result for '? 29, דימונה'
[2955] no geocode result for '? 30, דימונה'
[2956] no geocode result for '? 33, דימונה'
[2957] no geocode result for '? 34, דימונה'
[2958] no geocode result for '? 35, דימונה'
[2959] no geocode result for '? 38, דימונה'
[2960] no geocode result for '? 41, דימונה'
[2961] no geocode result for '? 42, דימונה'
[2962] no geocode result for '? 43, דימונה'
[2963] no geocode result for '? 45, דימונה'
[2964] no geocode result for '? 49, דימונה'
...processed 3000 rows (exact=1071 street=1503 none=426)
...processed 3050 rows (exact=1115 street=1509 none=426)
...processed 3100 rows (exact=1159 street=1515 none=426)
...processed 3150 rows (exact=1191 street=1533 none=426)
...processed 3200 rows (exact=1228 street=1546 none=426)
...processed 3250 rows (exact=1275 street=1549 none=426)
...processed 3300 rows (exact=1320 street=1554 none=426)
...processed 3350 rows (exact=1361 street=1563 none=426)
...processed 3400 rows (exact=1405 street=1569 none=426)
...processed 3450 rows (exact=1450 street=1574 none=426)
...processed 3500 rows (exact=1497 street=1577 none=426)
...processed 3550 rows (exact=1539 street=1585 none=426)
...processed 3600 rows (exact=1583 street=1591 none=426)
...processed 3650 rows (exact=1625 street=1599 none=426)
...processed 3700 rows (exact=1659 street=1615 none=426)
...processed 3750 rows (exact=1703 street=1621 none=426)
...processed 3800 rows (exact=1747 street=1627 none=426)
...processed 3850 rows (exact=1794 street=1630 none=426)
...processed 3900 rows (exact=1840 street=1634 none=426)
[3905] no geocode result for '? 1, דימונה'
[3906] no geocode result for '? 3, דימונה'
[3907] no geocode result for '? 4, דימונה'
[3908] no geocode result for '? 5, דימונה'
[3909] no geocode result for '? 6, דימונה'
[3910] no geocode result for '? 8, דימונה'
[3911] no geocode result for '? 10, דימונה'
[3912] no geocode result for '? 13, דימונה'
[3913] no geocode result for '? 14, דימונה'
[3914] no geocode result for '? 15, דימונה'
[3915] no geocode result for '? 16, דימונה'
[3916] no geocode result for '? 17, דימונה'
[3917] no geocode result for '? 18, דימונה'
[3918] no geocode result for '? 19, דימונה'
[3919] no geocode result for '? 20, דימונה'
[3920] no geocode result for '? 21, דימונה'
[3921] no geocode result for '? 22, דימונה'
[3922] no geocode result for '? 23, דימונה'
[3923] no geocode result for '? 24, דימונה'
[3924] no geocode result for '? 26, דימונה'
[3925] no geocode result for '? 28, דימונה'
[3926] no geocode result for '? 30, דימונה'
[3927] no geocode result for '? 32, דימונה'
...processed 3950 rows (exact=1866 street=1635 none=449)
[3993] no geocode result for '? 1, דימונה'
[3994] no geocode result for '? 5, דימונה'
[3995] no geocode result for '? 7, דימונה'
[3996] no geocode result for '? 9, דימונה'
...processed 4000 rows (exact=1898 street=1649 none=453)
[4005] no geocode result for '?, דימונה'
[4006] no geocode result for '? 2, דימונה'
[4007] no geocode result for '? 3, דימונה'
[4008] no geocode result for '? 4, דימונה'
[4009] no geocode result for '? 5, דימונה'
[4010] no geocode result for '? 6, דימונה'
[4011] no geocode result for '? 7, דימונה'
[4012] no geocode result for '? 8, דימונה'
[4013] no geocode result for '? 9, דימונה'
[4014] no geocode result for '? 11, דימונה'
[4015] no geocode result for '? 12, דימונה'
[4016] no geocode result for '? 14, דימונה'
[4017] no geocode result for '? 16, דימונה'
...processed 4050 rows (exact=1932 street=1652 none=466)
[4059] no geocode result for '? 1, דימונה'
[4060] no geocode result for '? 2, דימונה'
[4061] no geocode result for '? 3, דימונה'
[4062] no geocode result for '? 5, דימונה'
[4063] no geocode result for '? 7, דימונה'
[4071] no geocode result for '? 2, דימונה'
[4072] no geocode result for '? 4, דימונה'
[4073] no geocode result for '? 5, דימונה'
[4074] no geocode result for '? 8, דימונה'
[4075] no geocode result for '? 9, דימונה'
[4076] no geocode result for '? 10, דימונה'
[4077] no geocode result for '? 11, דימונה'
[4078] no geocode result for '? 12, דימונה'
[4079] no geocode result for '? 13, דימונה'
[4080] no geocode result for '? 14, דימונה'
[4081] no geocode result for '? 15, דימונה'
[4082] no geocode result for '? 16, דימונה'
[4083] no geocode result for '? 17, דימונה'
[4084] no geocode result for '? 19, דימונה'
[4085] no geocode result for '? 20, דימונה'
[4086] no geocode result for '? 22, דימונה'
[4087] no geocode result for '? 23, דימונה'
[4088] no geocode result for '? 24, דימונה'
[4089] no geocode result for '? 25, דימונה'
[4090] no geocode result for '? 26, דימונה'
[4091] no geocode result for '? 27, דימונה'
[4092] no geocode result for '? 31, דימונה'
[4093] no geocode result for '? 33, דימונה'
...processed 4100 rows (exact=1948 street=1658 none=494)
[4120] no geocode result for '?, דימונה'
[4121] no geocode result for '? 1, דימונה'
[4122] no geocode result for '? 2, דימונה'
[4123] no geocode result for '? 3, דימונה'
[4124] no geocode result for '? 4, דימונה'
[4125] no geocode result for '? 5, דימונה'
[4126] no geocode result for '? 6, דימונה'
[4127] no geocode result for '? 7, דימונה'
[4128] no geocode result for '? 8, דימונה'
[4129] no geocode result for '? 9, דימונה'
[4130] no geocode result for '? 11, דימונה'
[4131] no geocode result for '? 12, דימונה'
[4132] no geocode result for '? 13, דימונה'
[4133] no geocode result for '? 14, דימונה'
[4134] no geocode result for '? 15, דימונה'
[4135] no geocode result for '? 17, דימונה'
[4136] no geocode result for '? 18, דימונה'
[4137] no geocode result for '? 19, דימונה'
[4138] no geocode result for '? 22, דימונה'
[4139] no geocode result for '? 24, דימונה'
[4140] no geocode result for '? 26, דימונה'
[4141] no geocode result for '? 27, דימונה'
[4142] no geocode result for '? 28, דימונה'
[4143] no geocode result for '? 29, דימונה'
[4144] no geocode result for '? 30, דימונה'
[4145] no geocode result for '? 32, דימונה'
[4146] no geocode result for '? 33, דימונה'
...processed 4150 rows (exact=1967 street=1662 none=521)
...processed 4200 rows (exact=2010 street=1669 none=521)
...processed 4250 rows (exact=2054 street=1675 none=521)
...processed 4300 rows (exact=2093 street=1686 none=521)
[4347] no geocode result for '?, דימונה'
[4348] no geocode result for '? 1, דימונה'
[4349] no geocode result for '? 2, דימונה'
[4350] no geocode result for '? 4, דימונה'
...processed 4350 rows (exact=2129 street=1696 none=525)
[4351] no geocode result for '? 5, דימונה'
[4352] no geocode result for '? 6, דימונה'
[4353] no geocode result for '? 7, דימונה'
[4354] no geocode result for '? 8, דימונה'
[4355] no geocode result for '? 9, דימונה'
[4356] no geocode result for '? 12, דימונה'
[4357] no geocode result for '? 16, דימונה'
[4358] no geocode result for '? 18, דימונה'
[4359] no geocode result for '? 22, דימונה'
[4360] no geocode result for '? 24, דימונה'
[4361] no geocode result for '? 26, דימונה'
[4362] no geocode result for '? 28, דימונה'
[4363] no geocode result for '? 2, דימונה'
[4364] no geocode result for '? 3, דימונה'
[4365] no geocode result for '? 4, דימונה'
[4366] no geocode result for '? 5, דימונה'
[4367] no geocode result for '? 7, דימונה'
[4368] no geocode result for '? 8, דימונה'
[4369] no geocode result for '? 9, דימונה'
[4370] no geocode result for '? 10, דימונה'
[4371] no geocode result for '? 12, דימונה'
[4372] no geocode result for '? 13, דימונה'
[4373] no geocode result for '? 15, דימונה'
[4374] no geocode result for '? 16, דימונה'
[4375] no geocode result for '? 17, דימונה'
[4376] no geocode result for '? 18, דימונה'
[4377] no geocode result for '? 19, דימונה'
[4378] no geocode result for '? 21, דימונה'
[4379] no geocode result for '? 23, דימונה'
[4380] no geocode result for '? 24, דימונה'
[4381] no geocode result for '? 25, דימונה'
[4382] no geocode result for '? 27, דימונה'
[4383] no geocode result for '? 29, דימונה'
[4384] no geocode result for '? 30, דימונה'
[4385] no geocode result for '? 31, דימונה'
[4386] no geocode result for '? 33, דימונה'
[4387] no geocode result for '? 35, דימונה'
[4388] no geocode result for '? 37, דימונה'
...processed 4400 rows (exact=2139 street=1698 none=563)
...processed 4450 rows (exact=2186 street=1701 none=563)
...processed 4500 rows (exact=2226 street=1711 none=563)
[4531] no geocode result for '? 2, דימונה'
[4532] no geocode result for '? 3, דימונה'
[4533] no geocode result for '? 4, דימונה'
[4534] no geocode result for '? 5, דימונה'
[4535] no geocode result for '? 6, דימונה'
[4536] no geocode result for '? 8, דימונה'
[4537] no geocode result for '? 10, דימונה'
[4538] no geocode result for '? 12, דימונה'
[4539] no geocode result for '? 13, דימונה'
[4540] no geocode result for '? 14, דימונה'
[4541] no geocode result for '? 16, דימונה'
[4542] no geocode result for '? 17, דימונה'
[4543] no geocode result for '? 18, דימונה'
[4544] no geocode result for '? 20, דימונה'
[4545] no geocode result for '? 21, דימונה'
[4546] no geocode result for '? 22, דימונה'
[4547] no geocode result for '? 24, דימונה'
[4548] no geocode result for '? 25, דימונה'
[4549] no geocode result for '? 26, דימונה'
[4550] no geocode result for '? 27, דימונה'
...processed 4550 rows (exact=2254 street=1713 none=583)
[4551] no geocode result for '? 28, דימונה'
[4552] no geocode result for '? 29, דימונה'
[4553] no geocode result for '? 30, דימונה'
[4554] no geocode result for '? 31, דימונה'
...processed 4600 rows (exact=2296 street=1717 none=587)
...processed 4650 rows (exact=2340 street=1723 none=587)
...processed 4700 rows (exact=2382 street=1731 none=587)
Done. Output written to geocode_runs/dimona_geocoded_20260730_191925_046924.csv. exact=2393 street=1733 none=587
